// Jest Snapshot v1, https://goo.gl/fbAQLP

exports[`CLI Formatter: html should have stdout output with formatter html: stderr 1`] = `""`;

exports[`CLI Formatter: html should have stdout output with formatter html: stdout 1`] = `"<html><head><title>HTML Hint Violation Report</title></head><body><center><h2>Violation Report</h2></center><table border=\\"1\\"><tr><th>Number#</th><th>File Name</th><th>Line Number</th><th>Message</th></tr><tr><td>1</td><td><PROJECT_ROOT>/test/cli/__fixtures__/executable.html</td><td>8</td><td>The value of attribute [ bad ] must be in double quotes.</td></tr><tr><td>2</td><td><PROJECT_ROOT>/test/cli/__fixtures__/executable.html</td><td>8</td><td>The value of attribute [ bad ] must be in double quotes.</td></tr><tr><td>3</td><td><PROJECT_ROOT>/test/cli/__fixtures__/executable.html</td><td>8</td><td>Duplicate of attribute name [ bad ] was found.</td></tr><tr><td>4</td><td><PROJECT_ROOT>/test/cli/__fixtures__/executable.html</td><td>9</td><td>The value of attribute [ bad ] must be in double quotes.</td></tr><tr><td>5</td><td><PROJECT_ROOT>/test/cli/__fixtures__/executable.html</td><td>9</td><td>The value of attribute [ bad ] must be in double quotes.</td></tr><tr><td>6</td><td><PROJECT_ROOT>/test/cli/__fixtures__/executable.html</td><td>9</td><td>Duplicate of attribute name [ bad ] was found.</td></tr><tr><td>7</td><td><PROJECT_ROOT>/test/cli/__fixtures__/executable.html</td><td>10</td><td>The value of attribute [ bad ] must be in double quotes.</td></tr><tr><td>8</td><td><PROJECT_ROOT>/test/cli/__fixtures__/executable.html</td><td>10</td><td>The value of attribute [ bad ] must be in double quotes.</td></tr><tr><td>9</td><td><PROJECT_ROOT>/test/cli/__fixtures__/executable.html</td><td>10</td><td>Duplicate of attribute name [ bad ] was found.</td></tr><tr><td>10</td><td><PROJECT_ROOT>/test/cli/__fixtures__/executable.html</td><td>11</td><td>The value of attribute [ bad ] must be in double quotes.</td></tr><tr><td>11</td><td><PROJECT_ROOT>/test/cli/__fixtures__/executable.html</td><td>11</td><td>The value of attribute [ bad ] must be in double quotes.</td></tr><tr><td>12</td><td><PROJECT_ROOT>/test/cli/__fixtures__/executable.html</td><td>11</td><td>Duplicate of attribute name [ bad ] was found.</td></tr><tr><td>13</td><td><PROJECT_ROOT>/test/cli/__fixtures__/executable.html</td><td>12</td><td>The value of attribute [ bad ] must be in double quotes.</td></tr><tr><td>14</td><td><PROJECT_ROOT>/test/cli/__fixtures__/executable.html</td><td>12</td><td>The value of attribute [ bad ] must be in double quotes.</td></tr><tr><td>15</td><td><PROJECT_ROOT>/test/cli/__fixtures__/executable.html</td><td>12</td><td>Duplicate of attribute name [ bad ] was found.</td></tr><tr><td>16</td><td><PROJECT_ROOT>/test/cli/__fixtures__/executable.html</td><td>13</td><td>The value of attribute [ bad ] must be in double quotes.</td></tr><tr><td>17</td><td><PROJECT_ROOT>/test/cli/__fixtures__/executable.html</td><td>13</td><td>The value of attribute [ bad ] must be in double quotes.</td></tr><tr><td>18</td><td><PROJECT_ROOT>/test/cli/__fixtures__/executable.html</td><td>13</td><td>Duplicate of attribute name [ bad ] was found.</td></tr><tr><td>19</td><td><PROJECT_ROOT>/test/cli/__fixtures__/executable.html</td><td>14</td><td>The value of attribute [ bad ] must be in double quotes.</td></tr><tr><td>20</td><td><PROJECT_ROOT>/test/cli/__fixtures__/executable.html</td><td>14</td><td>The value of attribute [ bad ] must be in double quotes.</td></tr><tr><td>21</td><td><PROJECT_ROOT>/test/cli/__fixtures__/executable.html</td><td>14</td><td>Duplicate of attribute name [ bad ] was found.</td></tr><tr><td>22</td><td><PROJECT_ROOT>/test/cli/__fixtures__/executable.html</td><td>15</td><td>The value of attribute [ bad ] must be in double quotes.</td></tr><tr><td>23</td><td><PROJECT_ROOT>/test/cli/__fixtures__/executable.html</td><td>15</td><td>The value of attribute [ bad ] must be in double quotes.</td></tr><tr><td>24</td><td><PROJECT_ROOT>/test/cli/__fixtures__/executable.html</td><td>15</td><td>Duplicate of attribute name [ bad ] was found.</td></tr><tr><td>25</td><td><PROJECT_ROOT>/test/cli/__fixtures__/executable.html</td><td>16</td><td>The value of attribute [ bad ] must be in double quotes.</td></tr><tr><td>26</td><td><PROJECT_ROOT>/test/cli/__fixtures__/executable.html</td><td>16</td><td>The value of attribute [ bad ] must be in double quotes.</td></tr><tr><td>27</td><td><PROJECT_ROOT>/test/cli/__fixtures__/executable.html</td><td>16</td><td>Duplicate of attribute name [ bad ] was found.</td></tr><tr><td>28</td><td><PROJECT_ROOT>/test/cli/__fixtures__/executable.html</td><td>17</td><td>The value of attribute [ bad ] must be in double quotes.</td></tr><tr><td>29</td><td><PROJECT_ROOT>/test/cli/__fixtures__/executable.html</td><td>17</td><td>The value of attribute [ bad ] must be in double quotes.</td></tr><tr><td>30</td><td><PROJECT_ROOT>/test/cli/__fixtures__/executable.html</td><td>17</td><td>Duplicate of attribute name [ bad ] was found.</td></tr><tr><td>31</td><td><PROJECT_ROOT>/test/cli/__fixtures__/executable.html</td><td>18</td><td>The value of attribute [ bad ] must be in double quotes.</td></tr><tr><td>32</td><td><PROJECT_ROOT>/test/cli/__fixtures__/executable.html</td><td>18</td><td>The value of attribute [ bad ] must be in double quotes.</td></tr><tr><td>33</td><td><PROJECT_ROOT>/test/cli/__fixtures__/executable.html</td><td>18</td><td>Duplicate of attribute name [ bad ] was found.</td></tr><tr><td>34</td><td><PROJECT_ROOT>/test/cli/__fixtures__/executable.html</td><td>19</td><td>The value of attribute [ bad ] must be in double quotes.</td></tr><tr><td>35</td><td><PROJECT_ROOT>/test/cli/__fixtures__/executable.html</td><td>19</td><td>The value of attribute [ bad ] must be in double quotes.</td></tr><tr><td>36</td><td><PROJECT_ROOT>/test/cli/__fixtures__/executable.html</td><td>19</td><td>Duplicate of attribute name [ bad ] was found.</td></tr><tr><td>37</td><td><PROJECT_ROOT>/test/cli/__fixtures__/executable.html</td><td>20</td><td>The value of attribute [ bad ] must be in double quotes.</td></tr><tr><td>38</td><td><PROJECT_ROOT>/test/cli/__fixtures__/executable.html</td><td>20</td><td>The value of attribute [ bad ] must be in double quotes.</td></tr><tr><td>39</td><td><PROJECT_ROOT>/test/cli/__fixtures__/executable.html</td><td>20</td><td>Duplicate of attribute name [ bad ] was found.</td></tr><tr><td>40</td><td><PROJECT_ROOT>/test/cli/__fixtures__/executable.html</td><td>21</td><td>The value of attribute [ bad ] must be in double quotes.</td></tr><tr><td>41</td><td><PROJECT_ROOT>/test/cli/__fixtures__/executable.html</td><td>21</td><td>The value of attribute [ bad ] must be in double quotes.</td></tr><tr><td>42</td><td><PROJECT_ROOT>/test/cli/__fixtures__/executable.html</td><td>21</td><td>Duplicate of attribute name [ bad ] was found.</td></tr><tr><td>43</td><td><PROJECT_ROOT>/test/cli/__fixtures__/executable.html</td><td>22</td><td>The value of attribute [ bad ] must be in double quotes.</td></tr><tr><td>44</td><td><PROJECT_ROOT>/test/cli/__fixtures__/executable.html</td><td>22</td><td>The value of attribute [ bad ] must be in double quotes.</td></tr><tr><td>45</td><td><PROJECT_ROOT>/test/cli/__fixtures__/executable.html</td><td>22</td><td>Duplicate of attribute name [ bad ] was found.</td></tr><tr><td>46</td><td><PROJECT_ROOT>/test/cli/__fixtures__/executable.html</td><td>23</td><td>The value of attribute [ bad ] must be in double quotes.</td></tr><tr><td>47</td><td><PROJECT_ROOT>/test/cli/__fixtures__/executable.html</td><td>23</td><td>The value of attribute [ bad ] must be in double quotes.</td></tr><tr><td>48</td><td><PROJECT_ROOT>/test/cli/__fixtures__/executable.html</td><td>23</td><td>Duplicate of attribute name [ bad ] was found.</td></tr><tr><td>49</td><td><PROJECT_ROOT>/test/cli/__fixtures__/executable.html</td><td>24</td><td>The value of attribute [ bad ] must be in double quotes.</td></tr><tr><td>50</td><td><PROJECT_ROOT>/test/cli/__fixtures__/executable.html</td><td>24</td><td>The value of attribute [ bad ] must be in double quotes.</td></tr><tr><td>51</td><td><PROJECT_ROOT>/test/cli/__fixtures__/executable.html</td><td>24</td><td>Duplicate of attribute name [ bad ] was found.</td></tr><tr><td>52</td><td><PROJECT_ROOT>/test/cli/__fixtures__/executable.html</td><td>25</td><td>Tag must be paired, no start tag: [ </input> ]</td></tr><tr><td>53</td><td><PROJECT_ROOT>/test/cli/__fixtures__/executable.html</td><td>26</td><td>Special characters must be escaped : [ < ].</td></tr><tr><td>54</td><td><PROJECT_ROOT>/test/cli/__fixtures__/executable.html</td><td>26</td><td>Special characters must be escaped : [ > ].</td></tr><tr><td>55</td><td><PROJECT_ROOT>/test/cli/__fixtures__/executable.html</td><td>28</td><td>Tag must be paired, no start tag: [ </div> ]</td></tr><tr><td>56</td><td><PROJECT_ROOT>/test/cli/__fixtures__/executable.html</td><td>29</td><td>Tag must be paired, no start tag: [ </div> ]</td></tr><tr><td>57</td><td><PROJECT_ROOT>/test/cli/__fixtures__/executable.html</td><td>30</td><td>Tag must be paired, no start tag: [ </hello> ]</td></tr><tr><td>58</td><td><PROJECT_ROOT>/test/cli/__fixtures__/executable.html</td><td>31</td><td>Tag must be paired, no start tag: [ </test> ]</td></tr><tr><td>59</td><td><PROJECT_ROOT>/test/cli/__fixtures__/executable.html</td><td>32</td><td>Tag must be paired, no start tag: [ </div> ]</td></tr><tr><td>60</td><td><PROJECT_ROOT>/test/cli/__fixtures__/executable.html</td><td>38</td><td>The value of attribute [ class ] must be in double quotes.</td></tr><tr><td>61</td><td><PROJECT_ROOT>/test/cli/__fixtures__/executable.html</td><td>38</td><td>The value of attribute [ what ] must be in double quotes.</td></tr><tr><td>62</td><td><PROJECT_ROOT>/test/cli/__fixtures__/executable.html</td><td>38</td><td>The value of attribute [ something ] must be in double quotes.</td></tr><tr><td>63</td><td><PROJECT_ROOT>/test/cli/__fixtures__/executable.html</td><td>44</td><td>Tag must be paired, no start tag: [ </div> ]</td></tr><tr><td>64</td><td><PROJECT_ROOT>/test/cli/__fixtures__/executable.html</td><td>50</td><td>The value of attribute [ class ] must be in double quotes.</td></tr><tr><td>65</td><td><PROJECT_ROOT>/test/cli/__fixtures__/executable.html</td><td>50</td><td>The value of attribute [ what ] must be in double quotes.</td></tr><tr><td>66</td><td><PROJECT_ROOT>/test/cli/__fixtures__/executable.html</td><td>50</td><td>The value of attribute [ something ] must be in double quotes.</td></tr><tr><td>67</td><td><PROJECT_ROOT>/test/cli/__fixtures__/executable.html</td><td>56</td><td>Tag must be paired, no start tag: [ </div> ]</td></tr><tr><td>68</td><td><PROJECT_ROOT>/test/cli/__fixtures__/executable.html</td><td>62</td><td>The value of attribute [ class ] must be in double quotes.</td></tr><tr><td>69</td><td><PROJECT_ROOT>/test/cli/__fixtures__/executable.html</td><td>62</td><td>The value of attribute [ what ] must be in double quotes.</td></tr><tr><td>70</td><td><PROJECT_ROOT>/test/cli/__fixtures__/executable.html</td><td>62</td><td>The value of attribute [ something ] must be in double quotes.</td></tr><tr><td>71</td><td><PROJECT_ROOT>/test/cli/__fixtures__/executable.html</td><td>68</td><td>Tag must be paired, no start tag: [ </div> ]</td></tr><tr><td>72</td><td><PROJECT_ROOT>/test/cli/__fixtures__/executable.html</td><td>74</td><td>The value of attribute [ class ] must be in double quotes.</td></tr><tr><td>73</td><td><PROJECT_ROOT>/test/cli/__fixtures__/executable.html</td><td>74</td><td>The value of attribute [ what ] must be in double quotes.</td></tr><tr><td>74</td><td><PROJECT_ROOT>/test/cli/__fixtures__/executable.html</td><td>74</td><td>The value of attribute [ something ] must be in double quotes.</td></tr><tr><td>75</td><td><PROJECT_ROOT>/test/cli/__fixtures__/executable.html</td><td>80</td><td>Tag must be paired, no start tag: [ </div> ]</td></tr><tr><td>76</td><td><PROJECT_ROOT>/test/cli/__fixtures__/executable.html</td><td>81</td><td>Tag must be paired, no start tag: [ </bad> ]</td></tr><tr><td>77</td><td><PROJECT_ROOT>/test/cli/__fixtures__/executable.html</td><td>82</td><td>Tag must be paired, no start tag: [ </bad> ]</td></tr><tr><td>78</td><td><PROJECT_ROOT>/test/cli/__fixtures__/executable.html</td><td>83</td><td>Tag must be paired, no start tag: [ </bad> ]</td></tr><tr><td>79</td><td><PROJECT_ROOT>/test/cli/__fixtures__/executable.html</td><td>84</td><td>Tag must be paired, no start tag: [ </bad> ]</td></tr><tr><td>80</td><td><PROJECT_ROOT>/test/cli/__fixtures__/executable.html</td><td>85</td><td>Tag must be paired, no start tag: [ </bad> ]</td></tr><tr><td>81</td><td><PROJECT_ROOT>/test/cli/__fixtures__/executable.html</td><td>86</td><td>Tag must be paired, no start tag: [ </bad> ]</td></tr><tr><td>82</td><td><PROJECT_ROOT>/test/cli/__fixtures__/executable.html</td><td>87</td><td>Tag must be paired, no start tag: [ </bad> ]</td></tr><tr><td>83</td><td><PROJECT_ROOT>/test/cli/__fixtures__/executable.html</td><td>88</td><td>Tag must be paired, no start tag: [ </bad> ]</td></tr><tr><td>84</td><td><PROJECT_ROOT>/test/cli/__fixtures__/executable.html</td><td>89</td><td>Tag must be paired, no start tag: [ </bad> ]</td></tr><tr><td>85</td><td><PROJECT_ROOT>/test/cli/__fixtures__/executable.html</td><td>90</td><td>Tag must be paired, no start tag: [ </bad> ]</td></tr><tr><td>86</td><td><PROJECT_ROOT>/test/cli/__fixtures__/executable.html</td><td>91</td><td>Tag must be paired, no start tag: [ </bad> ]</td></tr><tr><td>87</td><td><PROJECT_ROOT>/test/cli/__fixtures__/executable.html</td><td>92</td><td>Tag must be paired, no start tag: [ </bad> ]</td></tr><tr><td>88</td><td><PROJECT_ROOT>/test/cli/__fixtures__/executable.html</td><td>93</td><td>Tag must be paired, no start tag: [ </bad> ]</td></tr><tr><td>89</td><td><PROJECT_ROOT>/test/cli/__fixtures__/executable.html</td><td>94</td><td>Tag must be paired, no start tag: [ </bad> ]</td></tr><tr><td>90</td><td><PROJECT_ROOT>/test/cli/__fixtures__/executable.html</td><td>95</td><td>Tag must be paired, no start tag: [ </bad> ]</td></tr><tr><td>91</td><td><PROJECT_ROOT>/test/cli/__fixtures__/executable.html</td><td>96</td><td>Tag must be paired, no start tag: [ </bad> ]</td></tr><tr><td>92</td><td><PROJECT_ROOT>/test/cli/__fixtures__/executable.html</td><td>97</td><td>Tag must be paired, no start tag: [ </bad> ]</td></tr></table></body></html>"`;
